elfcheck
Xilinx EDK 14.7 Build EDK_P.20131013
Copyright (c) 1995-2012 Xilinx, Inc.  All rights reserved.

Command Line: elfcheck -hw ../../Mojo_HW/system.xml -pe microblaze_mcs test.elf 

ELF file	: test.elf
elfcheck passed.
'Finished building: test.elf.elfcheck'
' '
17:10:27 **** Incremental Build of configuration Debug for project test ****
make all 
make: Rien à faire pour « all ».
17:10:30 **** Auto Build of configuration Debug for project test ****
make all 
'Building file: ../src/helloworld.c'
'Invoking: MicroBlaze gcc compiler'
mb-gcc -Wall -O0 -g3 -I../../test_bsp/microblaze_mcs/include -I"C:\14.7\ISE_DS\EDK\sw\XilinxProcessorIPLib\drivers\uartlite_v2_01_a\src" -c -fmessage-length=0 -mno-xl-reorder -mlittle-endian -mcpu=v8.40.a -mxl-soft-mul -Wl,--no-relax -ffunction-sections -fdata-sections -MMD -MP -MF"src/helloworld.d" -MT"src/helloworld.d" -o "src/helloworld.o" "../src/helloworld.c"
../src/helloworld.c: In function 'I2C_Setup':
../src/helloworld.c:82:3: warning: statement with no effect [-Wunused-value]
../src/helloworld.c:84:3: warning: statement with no effect [-Wunused-value]
../src/helloworld.c:85:2: warning: statement with no effect [-Wunused-value]
../src/helloworld.c:86:2: warning: statement with no effect [-Wunused-value]
../src/helloworld.c:87:2: warning: statement with no effect [-Wunused-value]
'Finished building: ../src/helloworld.c'
' '
'Building target: test.elf'
'Invoking: MicroBlaze gcc linker'
mb-gcc -Wl,-T -Wl,../src/lscript.ld -L../../test_bsp/microblaze_mcs/lib -mlittle-endian -mcpu=v8.40.a -mxl-soft-mul -Wl,--no-relax -Wl,--gc-sections -o "test.elf"  ./src/helloworld.o ./src/platform.o   -Wl,--start-group,-lxil,-lgcc,-lc,--end-group
'Finished building target: test.elf'
' '
'Invoking: MicroBlaze Print Size'
mb-size test.elf  |tee "test.elf.size"
   text	   data	    bss	    dec	    hex	filename
   8998	    412	   2300	  11710	   2dbe	test.elf
'Finished building: test.elf.size'
' '
'Invoking: Xilinx ELF Check'
elfcheck test.elf -hw ../../Mojo_HW/system.xml -pe microblaze_mcs  |tee "test.elf.elfcheck"
elfcheck
Xilinx EDK 14.7 Build EDK_P.20131013
Copyright (c) 1995-2012 Xilinx, Inc.  All rights reserved.

Command Line: elfcheck -hw ../../Mojo_HW/system.xml -pe microblaze_mcs test.elf 

ELF file	: test.elf
elfcheck passed.
'Finished building: test.elf.elfcheck'
' '
17:39:37 **** Auto Build of configuration Debug for project test ****
make all 
'Building file: ../src/helloworld.c'
'Invoking: MicroBlaze gcc compiler'
mb-gcc -Wall -O0 -g3 -I../../test_bsp/microblaze_mcs/include -I"C:\14.7\ISE_DS\EDK\sw\XilinxProcessorIPLib\drivers\uartlite_v2_01_a\src" -c -fmessage-length=0 -mno-xl-reorder -mlittle-endian -mcpu=v8.40.a -mxl-soft-mul -Wl,--no-relax -ffunction-sections -fdata-sections -MMD -MP -MF"src/helloworld.d" -MT"src/helloworld.d" -o "src/helloworld.o" "../src/helloworld.c"
../src/helloworld.c: In function 'I2C_Setup':
../src/helloworld.c:82:3: warning: statement with no effect [-Wunused-value]
../src/helloworld.c:84:3: warning: statement with no effect [-Wunused-value]
../src/helloworld.c:85:2: warning: statement with no effect [-Wunused-value]
../src/helloworld.c:86:2: warning: statement with no effect [-Wunused-value]
../src/helloworld.c:87:2: warning: statement with no effect [-Wunused-value]
'Finished building: ../src/helloworld.c'
' '
'Building target: test.elf'
'Invoking: MicroBlaze gcc linker'
mb-gcc -Wl,-T -Wl,../src/lscript.ld -L../../test_bsp/microblaze_mcs/lib -mlittle-endian -mcpu=v8.40.a -mxl-soft-mul -Wl,--no-relax -Wl,--gc-sections -o "test.elf"  ./src/helloworld.o ./src/platform.o   -Wl,--start-group,-lxil,-lgcc,-lc,--end-group
'Finished building target: test.elf'
' '
'Invoking: MicroBlaze Print Size'
mb-size test.elf  |tee "test.elf.size"
   text	   data	    bss	    dec	    hex	filename
   8998	    412	   2300	  11710	   2dbe	test.elf
'Finished building: test.elf.size'
' '
'Invoking: Xilinx ELF Check'
elfcheck test.elf -hw ../../Mojo_HW/system.xml -pe microblaze_mcs  |tee "test.elf.elfcheck"
elfcheck
Xilinx EDK 14.7 Build EDK_P.20131013
Copyright (c) 1995-2012 Xilinx, Inc.  All rights reserved.

Command Line: elfcheck -hw ../../Mojo_HW/system.xml -pe microblaze_mcs test.elf 

ELF file	: test.elf
elfcheck passed.
'Finished building: test.elf.elfcheck'
' '
