elfcheck
Xilinx EDK 14.7 Build EDK_P.20131013
Copyright (c) 1995-2012 Xilinx, Inc.  All rights reserved.

Command Line: elfcheck -hw ../../Mojo_HW/system.xml -pe microblaze_mcs test.elf 

ELF file	: test.elf
elfcheck passed.
'Finished building: test.elf.elfcheck'
' '
17:10:27 **** Incremental Build of configuration Debug for project test ****
make all 
make: Rien à faire pour « all ».
17:10:30 **** Auto Build of configuration Debug for project test ****
make all 
'Building file: ../src/helloworld.c'
'Invoking: MicroBlaze gcc compiler'
mb-gcc -Wall -O0 -g3 -I../../test_bsp/microblaze_mcs/include -I"C:\14.7\ISE_DS\EDK\sw\XilinxProcessorIPLib\drivers\uartlite_v2_01_a\src" -c -fmessage-length=0 -mno-xl-reorder -mlittle-endian -mcpu=v8.40.a -mxl-soft-mul -Wl,--no-relax -ffunction-sections -fdata-sections -MMD -MP -MF"src/helloworld.d" -MT"src/helloworld.d" -o "src/helloworld.o" "../src/helloworld.c"
../src/helloworld.c: In function 'I2C_Setup':
../src/helloworld.c:82:3: warning: statement with no effect [-Wunused-value]
../src/helloworld.c:84:3: warning: statement with no effect [-Wunused-value]
../src/helloworld.c:85:2: warning: statement with no effect [-Wunused-value]
../src/helloworld.c:86:2: warning: statement with no effect [-Wunused-value]
../src/helloworld.c:87:2: warning: statement with no effect [-Wunused-value]
'Finished building: ../src/helloworld.c'
' '
'Building target: test.elf'
'Invoking: MicroBlaze gcc linker'
mb-gcc -Wl,-T -Wl,../src/lscript.ld -L../../test_bsp/microblaze_mcs/lib -mlittle-endian -mcpu=v8.40.a -mxl-soft-mul -Wl,--no-relax -Wl,--gc-sections -o "test.elf"  ./src/helloworld.o ./src/platform.o   -Wl,--start-group,-lxil,-lgcc,-lc,--end-group
'Finished building target: test.elf'
' '
'Invoking: MicroBlaze Print Size'
mb-size test.elf  |tee "test.elf.size"
   text	   data	    bss	    dec	    hex	filename
   8998	    412	   2300	  11710	   2dbe	test.elf
'Finished building: test.elf.size'
' '
'Invoking: Xilinx ELF Check'
elfcheck test.elf -hw ../../Mojo_HW/system.xml -pe microblaze_mcs  |tee "test.elf.elfcheck"
elfcheck
Xilinx EDK 14.7 Build EDK_P.20131013
Copyright (c) 1995-2012 Xilinx, Inc.  All rights reserved.

Command Line: elfcheck -hw ../../Mojo_HW/system.xml -pe microblaze_mcs test.elf 

ELF file	: test.elf
elfcheck passed.
'Finished building: test.elf.elfcheck'
' '
17:39:37 **** Auto Build of configuration Debug for project test ****
make all 
'Building file: ../src/helloworld.c'
'Invoking: MicroBlaze gcc compiler'
mb-gcc -Wall -O0 -g3 -I../../test_bsp/microblaze_mcs/include -I"C:\14.7\ISE_DS\EDK\sw\XilinxProcessorIPLib\drivers\uartlite_v2_01_a\src" -c -fmessage-length=0 -mno-xl-reorder -mlittle-endian -mcpu=v8.40.a -mxl-soft-mul -Wl,--no-relax -ffunction-sections -fdata-sections -MMD -MP -MF"src/helloworld.d" -MT"src/helloworld.d" -o "src/helloworld.o" "../src/helloworld.c"
../src/helloworld.c: In function 'I2C_Setup':
../src/helloworld.c:82:3: warning: statement with no effect [-Wunused-value]
../src/helloworld.c:84:3: warning: statement with no effect [-Wunused-value]
../src/helloworld.c:85:2: warning: statement with no effect [-Wunused-value]
../src/helloworld.c:86:2: warning: statement with no effect [-Wunused-value]
../src/helloworld.c:87:2: warning: statement with no effect [-Wunused-value]
'Finished building: ../src/helloworld.c'
' '
'Building target: test.elf'
'Invoking: MicroBlaze gcc linker'
mb-gcc -Wl,-T -Wl,../src/lscript.ld -L../../test_bsp/microblaze_mcs/lib -mlittle-endian -mcpu=v8.40.a -mxl-soft-mul -Wl,--no-relax -Wl,--gc-sections -o "test.elf"  ./src/helloworld.o ./src/platform.o   -Wl,--start-group,-lxil,-lgcc,-lc,--end-group
'Finished building target: test.elf'
' '
'Invoking: MicroBlaze Print Size'
mb-size test.elf  |tee "test.elf.size"
   text	   data	    bss	    dec	    hex	filename
   8998	    412	   2300	  11710	   2dbe	test.elf
'Finished building: test.elf.size'
' '
'Invoking: Xilinx ELF Check'
elfcheck test.elf -hw ../../Mojo_HW/system.xml -pe microblaze_mcs  |tee "test.elf.elfcheck"
elfcheck
Xilinx EDK 14.7 Build EDK_P.20131013
Copyright (c) 1995-2012 Xilinx, Inc.  All rights reserved.

Command Line: elfcheck -hw ../../Mojo_HW/system.xml -pe microblaze_mcs test.elf 

ELF file	: test.elf
elfcheck passed.
'Finished building: test.elf.elfcheck'
' '
17:25:46 **** Auto Build of configuration Debug for project test ****
make all 
'Invoking: Xilinx ELF Check'
elfcheck test.elf -hw ../../Mojo_HW/system.xml -pe microblaze_mcs  |tee "test.elf.elfcheck"
elfcheck
Xilinx EDK 14.7 Build EDK_P.20131013
Copyright (c) 1995-2012 Xilinx, Inc.  All rights reserved.

Command Line: elfcheck -hw ../../Mojo_HW/system.xml -pe microblaze_mcs test.elf 

ELF file	: test.elf
elfcheck passed.
'Finished building: test.elf.elfcheck'
' '
17:33:16 **** Auto Build of configuration Debug for project test ****
make all 
'Building file: ../src/helloworld.c'
'Invoking: MicroBlaze gcc compiler'
mb-gcc -Wall -O0 -g3 -I../../test_bsp/microblaze_mcs/include -I"C:\14.7\ISE_DS\EDK\sw\XilinxProcessorIPLib\drivers\uartlite_v2_01_a\src" -c -fmessage-length=0 -mno-xl-reorder -mlittle-endian -mcpu=v8.40.a -mxl-soft-mul -Wl,--no-relax -ffunction-sections -fdata-sections -MMD -MP -MF"src/helloworld.d" -MT"src/helloworld.d" -o "src/helloworld.o" "../src/helloworld.c"
'Finished building: ../src/helloworld.c'
' '
'Building target: test.elf'
'Invoking: MicroBlaze gcc linker'
mb-gcc -Wl,-T -Wl,../src/lscript.ld -L../../test_bsp/microblaze_mcs/lib -mlittle-endian -mcpu=v8.40.a -mxl-soft-mul -Wl,--no-relax -Wl,--gc-sections -o "test.elf"  ./src/helloworld.o ./src/platform.o   -Wl,--start-group,-lxil,-lgcc,-lc,--end-group
'Finished building target: test.elf'
' '
'Invoking: MicroBlaze Print Size'
mb-size test.elf  |tee "test.elf.size"
   text	   data	    bss	    dec	    hex	filename
   9354	    412	   2306	  12072	   2f28	test.elf
'Finished building: test.elf.size'
' '
'Invoking: Xilinx ELF Check'
elfcheck test.elf -hw ../../Mojo_HW/system.xml -pe microblaze_mcs  |tee "test.elf.elfcheck"
elfcheck
Xilinx EDK 14.7 Build EDK_P.20131013
Copyright (c) 1995-2012 Xilinx, Inc.  All rights reserved.

Command Line: elfcheck -hw ../../Mojo_HW/system.xml -pe microblaze_mcs test.elf 

ELF file	: test.elf
elfcheck passed.
'Finished building: test.elf.elfcheck'
' '
17:33:49 **** Auto Build of configuration Debug for project test ****
make all 
'Building file: ../src/helloworld.c'
'Invoking: MicroBlaze gcc compiler'
mb-gcc -Wall -O0 -g3 -I../../test_bsp/microblaze_mcs/include -I"C:\14.7\ISE_DS\EDK\sw\XilinxProcessorIPLib\drivers\uartlite_v2_01_a\src" -c -fmessage-length=0 -mno-xl-reorder -mlittle-endian -mcpu=v8.40.a -mxl-soft-mul -Wl,--no-relax -ffunction-sections -fdata-sections -MMD -MP -MF"src/helloworld.d" -MT"src/helloworld.d" -o "src/helloworld.o" "../src/helloworld.c"
'Finished building: ../src/helloworld.c'
' '
'Building target: test.elf'
'Invoking: MicroBlaze gcc linker'
mb-gcc -Wl,-T -Wl,../src/lscript.ld -L../../test_bsp/microblaze_mcs/lib -mlittle-endian -mcpu=v8.40.a -mxl-soft-mul -Wl,--no-relax -Wl,--gc-sections -o "test.elf"  ./src/helloworld.o ./src/platform.o   -Wl,--start-group,-lxil,-lgcc,-lc,--end-group
'Finished building target: test.elf'
' '
'Invoking: MicroBlaze Print Size'
mb-size test.elf  |tee "test.elf.size"
   text	   data	    bss	    dec	    hex	filename
   9410	    412	   2306	  12128	   2f60	test.elf
'Finished building: test.elf.size'
' '
'Invoking: Xilinx ELF Check'
elfcheck test.elf -hw ../../Mojo_HW/system.xml -pe microblaze_mcs  |tee "test.elf.elfcheck"
elfcheck
Xilinx EDK 14.7 Build EDK_P.20131013
Copyright (c) 1995-2012 Xilinx, Inc.  All rights reserved.

Command Line: elfcheck -hw ../../Mojo_HW/system.xml -pe microblaze_mcs test.elf 

ELF file	: test.elf
elfcheck passed.
'Finished building: test.elf.elfcheck'
' '
17:34:24 **** Auto Build of configuration Debug for project test ****
make all 
'Building file: ../src/helloworld.c'
'Invoking: MicroBlaze gcc compiler'
mb-gcc -Wall -O0 -g3 -I../../test_bsp/microblaze_mcs/include -I"C:\14.7\ISE_DS\EDK\sw\XilinxProcessorIPLib\drivers\uartlite_v2_01_a\src" -c -fmessage-length=0 -mno-xl-reorder -mlittle-endian -mcpu=v8.40.a -mxl-soft-mul -Wl,--no-relax -ffunction-sections -fdata-sections -MMD -MP -MF"src/helloworld.d" -MT"src/helloworld.d" -o "src/helloworld.o" "../src/helloworld.c"
'Finished building: ../src/helloworld.c'
' '
'Building target: test.elf'
'Invoking: MicroBlaze gcc linker'
mb-gcc -Wl,-T -Wl,../src/lscript.ld -L../../test_bsp/microblaze_mcs/lib -mlittle-endian -mcpu=v8.40.a -mxl-soft-mul -Wl,--no-relax -Wl,--gc-sections -o "test.elf"  ./src/helloworld.o ./src/platform.o   -Wl,--start-group,-lxil,-lgcc,-lc,--end-group
'Finished building target: test.elf'
' '
'Invoking: MicroBlaze Print Size'
mb-size test.elf  |tee "test.elf.size"
   text	   data	    bss	    dec	    hex	filename
   9462	    412	   2300	  12174	   2f8e	test.elf
'Finished building: test.elf.size'
' '
'Invoking: Xilinx ELF Check'
elfcheck test.elf -hw ../../Mojo_HW/system.xml -pe microblaze_mcs  |tee "test.elf.elfcheck"
elfcheck
Xilinx EDK 14.7 Build EDK_P.20131013
Copyright (c) 1995-2012 Xilinx, Inc.  All rights reserved.

Command Line: elfcheck -hw ../../Mojo_HW/system.xml -pe microblaze_mcs test.elf 

ELF file	: test.elf
elfcheck passed.
'Finished building: test.elf.elfcheck'
' '
17:34:51 **** Auto Build of configuration Debug for project test ****
make all 
'Building file: ../src/helloworld.c'
'Invoking: MicroBlaze gcc compiler'
mb-gcc -Wall -O0 -g3 -I../../test_bsp/microblaze_mcs/include -I"C:\14.7\ISE_DS\EDK\sw\XilinxProcessorIPLib\drivers\uartlite_v2_01_a\src" -c -fmessage-length=0 -mno-xl-reorder -mlittle-endian -mcpu=v8.40.a -mxl-soft-mul -Wl,--no-relax -ffunction-sections -fdata-sections -MMD -MP -MF"src/helloworld.d" -MT"src/helloworld.d" -o "src/helloworld.o" "../src/helloworld.c"
'Finished building: ../src/helloworld.c'
' '
'Building target: test.elf'
'Invoking: MicroBlaze gcc linker'
mb-gcc -Wl,-T -Wl,../src/lscript.ld -L../../test_bsp/microblaze_mcs/lib -mlittle-endian -mcpu=v8.40.a -mxl-soft-mul -Wl,--no-relax -Wl,--gc-sections -o "test.elf"  ./src/helloworld.o ./src/platform.o   -Wl,--start-group,-lxil,-lgcc,-lc,--end-group
'Finished building target: test.elf'
' '
'Invoking: MicroBlaze Print Size'
mb-size test.elf  |tee "test.elf.size"
   text	   data	    bss	    dec	    hex	filename
   9462	    412	   2300	  12174	   2f8e	test.elf
'Finished building: test.elf.size'
' '
'Invoking: Xilinx ELF Check'
elfcheck test.elf -hw ../../Mojo_HW/system.xml -pe microblaze_mcs  |tee "test.elf.elfcheck"
elfcheck
Xilinx EDK 14.7 Build EDK_P.20131013
Copyright (c) 1995-2012 Xilinx, Inc.  All rights reserved.

Command Line: elfcheck -hw ../../Mojo_HW/system.xml -pe microblaze_mcs test.elf 

ELF file	: test.elf
elfcheck passed.
'Finished building: test.elf.elfcheck'
' '
17:36:01 **** Auto Build of configuration Debug for project test ****
make all 
'Building file: ../src/helloworld.c'
'Invoking: MicroBlaze gcc compiler'
mb-gcc -Wall -O0 -g3 -I../../test_bsp/microblaze_mcs/include -I"C:\14.7\ISE_DS\EDK\sw\XilinxProcessorIPLib\drivers\uartlite_v2_01_a\src" -c -fmessage-length=0 -mno-xl-reorder -mlittle-endian -mcpu=v8.40.a -mxl-soft-mul -Wl,--no-relax -ffunction-sections -fdata-sections -MMD -MP -MF"src/helloworld.d" -MT"src/helloworld.d" -o "src/helloworld.o" "../src/helloworld.c"
'Finished building: ../src/helloworld.c'
' '
'Building target: test.elf'
'Invoking: MicroBlaze gcc linker'
mb-gcc -Wl,-T -Wl,../src/lscript.ld -L../../test_bsp/microblaze_mcs/lib -mlittle-endian -mcpu=v8.40.a -mxl-soft-mul -Wl,--no-relax -Wl,--gc-sections -o "test.elf"  ./src/helloworld.o ./src/platform.o   -Wl,--start-group,-lxil,-lgcc,-lc,--end-group
'Finished building target: test.elf'
' '
'Invoking: MicroBlaze Print Size'
mb-size test.elf  |tee "test.elf.size"
   text	   data	    bss	    dec	    hex	filename
   9426	    412	   2306	  12144	   2f70	test.elf
'Finished building: test.elf.size'
' '
'Invoking: Xilinx ELF Check'
elfcheck test.elf -hw ../../Mojo_HW/system.xml -pe microblaze_mcs  |tee "test.elf.elfcheck"
elfcheck
Xilinx EDK 14.7 Build EDK_P.20131013
Copyright (c) 1995-2012 Xilinx, Inc.  All rights reserved.

Command Line: elfcheck -hw ../../Mojo_HW/system.xml -pe microblaze_mcs test.elf 

ELF file	: test.elf
elfcheck passed.
'Finished building: test.elf.elfcheck'
' '
17:39:54 **** Auto Build of configuration Debug for project test ****
make all 
'Building file: ../src/helloworld.c'
'Invoking: MicroBlaze gcc compiler'
mb-gcc -Wall -O0 -g3 -I../../test_bsp/microblaze_mcs/include -I"C:\14.7\ISE_DS\EDK\sw\XilinxProcessorIPLib\drivers\uartlite_v2_01_a\src" -c -fmessage-length=0 -mno-xl-reorder -mlittle-endian -mcpu=v8.40.a -mxl-soft-mul -Wl,--no-relax -ffunction-sections -fdata-sections -MMD -MP -MF"src/helloworld.d" -MT"src/helloworld.d" -o "src/helloworld.o" "../src/helloworld.c"
'Finished building: ../src/helloworld.c'
' '
'Building target: test.elf'
'Invoking: MicroBlaze gcc linker'
mb-gcc -Wl,-T -Wl,../src/lscript.ld -L../../test_bsp/microblaze_mcs/lib -mlittle-endian -mcpu=v8.40.a -mxl-soft-mul -Wl,--no-relax -Wl,--gc-sections -o "test.elf"  ./src/helloworld.o ./src/platform.o   -Wl,--start-group,-lxil,-lgcc,-lc,--end-group
'Finished building target: test.elf'
' '
'Invoking: MicroBlaze Print Size'
mb-size test.elf  |tee "test.elf.size"
   text	   data	    bss	    dec	    hex	filename
   9422	    412	   2300	  12134	   2f66	test.elf
'Finished building: test.elf.size'
' '
'Invoking: Xilinx ELF Check'
elfcheck test.elf -hw ../../Mojo_HW/system.xml -pe microblaze_mcs  |tee "test.elf.elfcheck"
elfcheck
Xilinx EDK 14.7 Build EDK_P.20131013
Copyright (c) 1995-2012 Xilinx, Inc.  All rights reserved.

Command Line: elfcheck -hw ../../Mojo_HW/system.xml -pe microblaze_mcs test.elf 

ELF file	: test.elf
elfcheck passed.
'Finished building: test.elf.elfcheck'
' '
17:43:09 **** Auto Build of configuration Debug for project test ****
make all 
'Building file: ../src/helloworld.c'
'Invoking: MicroBlaze gcc compiler'
mb-gcc -Wall -O0 -g3 -I../../test_bsp/microblaze_mcs/include -I"C:\14.7\ISE_DS\EDK\sw\XilinxProcessorIPLib\drivers\uartlite_v2_01_a\src" -c -fmessage-length=0 -mno-xl-reorder -mlittle-endian -mcpu=v8.40.a -mxl-soft-mul -Wl,--no-relax -ffunction-sections -fdata-sections -MMD -MP -MF"src/helloworld.d" -MT"src/helloworld.d" -o "src/helloworld.o" "../src/helloworld.c"
'Finished building: ../src/helloworld.c'
' '
'Building target: test.elf'
'Invoking: MicroBlaze gcc linker'
mb-gcc -Wl,-T -Wl,../src/lscript.ld -L../../test_bsp/microblaze_mcs/lib -mlittle-endian -mcpu=v8.40.a -mxl-soft-mul -Wl,--no-relax -Wl,--gc-sections -o "test.elf"  ./src/helloworld.o ./src/platform.o   -Wl,--start-group,-lxil,-lgcc,-lc,--end-group
'Finished building target: test.elf'
' '
'Invoking: MicroBlaze Print Size'
mb-size test.elf  |tee "test.elf.size"
   text	   data	    bss	    dec	    hex	filename
   9426	    412	   2306	  12144	   2f70	test.elf
'Finished building: test.elf.size'
' '
'Invoking: Xilinx ELF Check'
elfcheck test.elf -hw ../../Mojo_HW/system.xml -pe microblaze_mcs  |tee "test.elf.elfcheck"
elfcheck
Xilinx EDK 14.7 Build EDK_P.20131013
Copyright (c) 1995-2012 Xilinx, Inc.  All rights reserved.

Command Line: elfcheck -hw ../../Mojo_HW/system.xml -pe microblaze_mcs test.elf 

ELF file	: test.elf
elfcheck passed.
'Finished building: test.elf.elfcheck'
' '
17:45:04 **** Auto Build of configuration Debug for project test ****
make all 
'Building file: ../src/helloworld.c'
'Invoking: MicroBlaze gcc compiler'
mb-gcc -Wall -O0 -g3 -I../../test_bsp/microblaze_mcs/include -I"C:\14.7\ISE_DS\EDK\sw\XilinxProcessorIPLib\drivers\uartlite_v2_01_a\src" -c -fmessage-length=0 -mno-xl-reorder -mlittle-endian -mcpu=v8.40.a -mxl-soft-mul -Wl,--no-relax -ffunction-sections -fdata-sections -MMD -MP -MF"src/helloworld.d" -MT"src/helloworld.d" -o "src/helloworld.o" "../src/helloworld.c"
'Finished building: ../src/helloworld.c'
' '
'Building target: test.elf'
'Invoking: MicroBlaze gcc linker'
mb-gcc -Wl,-T -Wl,../src/lscript.ld -L../../test_bsp/microblaze_mcs/lib -mlittle-endian -mcpu=v8.40.a -mxl-soft-mul -Wl,--no-relax -Wl,--gc-sections -o "test.elf"  ./src/helloworld.o ./src/platform.o   -Wl,--start-group,-lxil,-lgcc,-lc,--end-group
'Finished building target: test.elf'
' '
'Invoking: MicroBlaze Print Size'
mb-size test.elf  |tee "test.elf.size"
   text	   data	    bss	    dec	    hex	filename
   9438	    412	   2300	  12150	   2f76	test.elf
'Finished building: test.elf.size'
' '
'Invoking: Xilinx ELF Check'
elfcheck test.elf -hw ../../Mojo_HW/system.xml -pe microblaze_mcs  |tee "test.elf.elfcheck"
elfcheck
Xilinx EDK 14.7 Build EDK_P.20131013
Copyright (c) 1995-2012 Xilinx, Inc.  All rights reserved.

Command Line: elfcheck -hw ../../Mojo_HW/system.xml -pe microblaze_mcs test.elf 

ELF file	: test.elf
elfcheck passed.
'Finished building: test.elf.elfcheck'
' '
17:53:06 **** Auto Build of configuration Debug for project test ****
make all 
'Building file: ../src/helloworld.c'
'Invoking: MicroBlaze gcc compiler'
mb-gcc -Wall -O0 -g3 -I../../test_bsp/microblaze_mcs/include -I"C:\14.7\ISE_DS\EDK\sw\XilinxProcessorIPLib\drivers\uartlite_v2_01_a\src" -c -fmessage-length=0 -mno-xl-reorder -mlittle-endian -mcpu=v8.40.a -mxl-soft-mul -Wl,--no-relax -ffunction-sections -fdata-sections -MMD -MP -MF"src/helloworld.d" -MT"src/helloworld.d" -o "src/helloworld.o" "../src/helloworld.c"
'Finished building: ../src/helloworld.c'
' '
'Building target: test.elf'
'Invoking: MicroBlaze gcc linker'
mb-gcc -Wl,-T -Wl,../src/lscript.ld -L../../test_bsp/microblaze_mcs/lib -mlittle-endian -mcpu=v8.40.a -mxl-soft-mul -Wl,--no-relax -Wl,--gc-sections -o "test.elf"  ./src/helloworld.o ./src/platform.o   -Wl,--start-group,-lxil,-lgcc,-lc,--end-group
'Finished building target: test.elf'
' '
'Invoking: MicroBlaze Print Size'
mb-size test.elf  |tee "test.elf.size"
   text	   data	    bss	    dec	    hex	filename
   8994	    412	   2306	  11712	   2dc0	test.elf
'Finished building: test.elf.size'
' '
'Invoking: Xilinx ELF Check'
elfcheck test.elf -hw ../../Mojo_HW/system.xml -pe microblaze_mcs  |tee "test.elf.elfcheck"
elfcheck
Xilinx EDK 14.7 Build EDK_P.20131013
Copyright (c) 1995-2012 Xilinx, Inc.  All rights reserved.

Command Line: elfcheck -hw ../../Mojo_HW/system.xml -pe microblaze_mcs test.elf 

ELF file	: test.elf
elfcheck passed.
'Finished building: test.elf.elfcheck'
' '
17:53:11 **** Auto Build of configuration Debug for project test ****
make all 
'Building file: ../src/helloworld.c'
'Invoking: MicroBlaze gcc compiler'
mb-gcc -Wall -O0 -g3 -I../../test_bsp/microblaze_mcs/include -I"C:\14.7\ISE_DS\EDK\sw\XilinxProcessorIPLib\drivers\uartlite_v2_01_a\src" -c -fmessage-length=0 -mno-xl-reorder -mlittle-endian -mcpu=v8.40.a -mxl-soft-mul -Wl,--no-relax -ffunction-sections -fdata-sections -MMD -MP -MF"src/helloworld.d" -MT"src/helloworld.d" -o "src/helloworld.o" "../src/helloworld.c"
../src/helloworld.c: In function 'main':
../src/helloworld.c:156:9: warning: unused variable 'data' [-Wunused-variable]
'Finished building: ../src/helloworld.c'
' '
'Building target: test.elf'
'Invoking: MicroBlaze gcc linker'
mb-gcc -Wl,-T -Wl,../src/lscript.ld -L../../test_bsp/microblaze_mcs/lib -mlittle-endian -mcpu=v8.40.a -mxl-soft-mul -Wl,--no-relax -Wl,--gc-sections -o "test.elf"  ./src/helloworld.o ./src/platform.o   -Wl,--start-group,-lxil,-lgcc,-lc,--end-group
'Finished building target: test.elf'
' '
'Invoking: MicroBlaze Print Size'
mb-size test.elf  |tee "test.elf.size"
   text	   data	    bss	    dec	    hex	filename
   8710	    412	   2300	  11422	   2c9e	test.elf
'Finished building: test.elf.size'
' '
'Invoking: Xilinx ELF Check'
elfcheck test.elf -hw ../../Mojo_HW/system.xml -pe microblaze_mcs  |tee "test.elf.elfcheck"
elfcheck
Xilinx EDK 14.7 Build EDK_P.20131013
Copyright (c) 1995-2012 Xilinx, Inc.  All rights reserved.

Command Line: elfcheck -hw ../../Mojo_HW/system.xml -pe microblaze_mcs test.elf 

ELF file	: test.elf
elfcheck passed.
'Finished building: test.elf.elfcheck'
' '
18:02:58 **** Auto Build of configuration Debug for project test ****
make all 
'Building file: ../src/helloworld.c'
'Invoking: MicroBlaze gcc compiler'
mb-gcc -Wall -O0 -g3 -I../../test_bsp/microblaze_mcs/include -I"C:\14.7\ISE_DS\EDK\sw\XilinxProcessorIPLib\drivers\uartlite_v2_01_a\src" -c -fmessage-length=0 -mno-xl-reorder -mlittle-endian -mcpu=v8.40.a -mxl-soft-mul -Wl,--no-relax -ffunction-sections -fdata-sections -MMD -MP -MF"src/helloworld.d" -MT"src/helloworld.d" -o "src/helloworld.o" "../src/helloworld.c"
../src/helloworld.c: In function 'main':
../src/helloworld.c:156:9: warning: unused variable 'data' [-Wunused-variable]
'Finished building: ../src/helloworld.c'
' '
'Building target: test.elf'
'Invoking: MicroBlaze gcc linker'
mb-gcc -Wl,-T -Wl,../src/lscript.ld -L../../test_bsp/microblaze_mcs/lib -mlittle-endian -mcpu=v8.40.a -mxl-soft-mul -Wl,--no-relax -Wl,--gc-sections -o "test.elf"  ./src/helloworld.o ./src/platform.o   -Wl,--start-group,-lxil,-lgcc,-lc,--end-group
'Finished building target: test.elf'
' '
'Invoking: MicroBlaze Print Size'
mb-size test.elf  |tee "test.elf.size"
   text	   data	    bss	    dec	    hex	filename
   9286	    412	   2300	  11998	   2ede	test.elf
'Finished building: test.elf.size'
' '
'Invoking: Xilinx ELF Check'
elfcheck test.elf -hw ../../Mojo_HW/system.xml -pe microblaze_mcs  |tee "test.elf.elfcheck"
elfcheck
Xilinx EDK 14.7 Build EDK_P.20131013
Copyright (c) 1995-2012 Xilinx, Inc.  All rights reserved.

Command Line: elfcheck -hw ../../Mojo_HW/system.xml -pe microblaze_mcs test.elf 

ELF file	: test.elf
elfcheck passed.
'Finished building: test.elf.elfcheck'
' '
